Archive member included to satisfy reference by file (symbol)

c:/program files (x86)/atollic/truestudio for arm 8.1.0/armtools/bin/../lib/gcc/arm-atollic-eabi/6.3.1/../../../../arm-atollic-eabi/lib/armv6-m\libc_nano.a(lib_a-init.o)
                              src\startup_stm32f051x8.o (__libc_init_array)
c:/program files (x86)/atollic/truestudio for arm 8.1.0/armtools/bin/../lib/gcc/arm-atollic-eabi/6.3.1/../../../../arm-atollic-eabi/lib/armv6-m\libc_nano.a(lib_a-strlen.o)
                              src\tiny_printf.o (strlen)
c:/program files (x86)/atollic/truestudio for arm 8.1.0/armtools/bin/../lib/gcc/arm-atollic-eabi/6.3.1/armv6-m\libgcc.a(_udivsi3.o)
                              src\system_stm32f0xx.o (__aeabi_uidiv)
c:/program files (x86)/atollic/truestudio for arm 8.1.0/armtools/bin/../lib/gcc/arm-atollic-eabi/6.3.1/armv6-m\libgcc.a(_divsi3.o)
                              src\tiny_printf.o (__aeabi_idiv)
c:/program files (x86)/atollic/truestudio for arm 8.1.0/armtools/bin/../lib/gcc/arm-atollic-eabi/6.3.1/armv6-m\libgcc.a(_dvmd_tls.o)
                              c:/program files (x86)/atollic/truestudio for arm 8.1.0/armtools/bin/../lib/gcc/arm-atollic-eabi/6.3.1/armv6-m\libgcc.a(_udivsi3.o) (__aeabi_idiv0)
c:/program files (x86)/atollic/truestudio for arm 8.1.0/armtools/bin/../lib/gcc/arm-atollic-eabi/6.3.1/../../../../arm-atollic-eabi/lib/armv6-m\libnosys.a(write.o)
                              src\tiny_printf.o (_write)
c:/program files (x86)/atollic/truestudio for arm 8.1.0/armtools/bin/../lib/gcc/arm-atollic-eabi/6.3.1/../../../../arm-atollic-eabi/lib/armv6-m\libnosys.a(errno.o)
                              c:/program files (x86)/atollic/truestudio for arm 8.1.0/armtools/bin/../lib/gcc/arm-atollic-eabi/6.3.1/../../../../arm-atollic-eabi/lib/armv6-m\libnosys.a(write.o) (errno)

Allocating common symbols
Common symbol       size              file

errno               0x4               c:/program files (x86)/atollic/truestudio for arm 8.1.0/armtools/bin/../lib/gcc/arm-atollic-eabi/6.3.1/../../../../arm-atollic-eabi/lib/armv6-m\libnosys.a(errno.o)

Discarded input sections

 .text          0x00000000        0x0 c:/program files (x86)/atollic/truestudio for arm 8.1.0/armtools/bin/../lib/gcc/arm-atollic-eabi/6.3.1/armv6-m/crti.o
 .data          0x00000000        0x0 c:/program files (x86)/atollic/truestudio for arm 8.1.0/armtools/bin/../lib/gcc/arm-atollic-eabi/6.3.1/armv6-m/crti.o
 .bss           0x00000000        0x0 c:/program files (x86)/atollic/truestudio for arm 8.1.0/armtools/bin/../lib/gcc/arm-atollic-eabi/6.3.1/armv6-m/crti.o
 .data          0x00000000        0x4 c:/program files (x86)/atollic/truestudio for arm 8.1.0/armtools/bin/../lib/gcc/arm-atollic-eabi/6.3.1/armv6-m/crtbegin.o
 .text          0x00000000        0x0 src\LED.o
 .data          0x00000000        0x0 src\LED.o
 .bss           0x00000000        0x0 src\LED.o
 .text.light_toggle
                0x00000000       0xa0 src\LED.o
 .rodata.light_toggle
                0x00000000       0x20 src\LED.o
 .text          0x00000000        0x0 src\PB.o
 .data          0x00000000        0x0 src\PB.o
 .bss           0x00000000        0x0 src\PB.o
 .text          0x00000000        0x0 src\lcd_stm32f0.o
 .data          0x00000000        0x0 src\lcd_stm32f0.o
 .bss           0x00000000        0x0 src\lcd_stm32f0.o
 .text.lcd_two_line_write
                0x00000000       0x2e src\lcd_stm32f0.o
 .text          0x00000000        0x0 src\main.o
 .data          0x00000000        0x0 src\main.o
 .bss           0x00000000        0x0 src\main.o
 .bss.i         0x00000000        0x4 src\main.o
 .text          0x00000000       0x14 src\startup_stm32f051x8.o
 .data          0x00000000        0x0 src\startup_stm32f051x8.o
 .bss           0x00000000        0x0 src\startup_stm32f051x8.o
 .text          0x00000000        0x0 src\system_stm32f0xx.o
 .data          0x00000000        0x0 src\system_stm32f0xx.o
 .bss           0x00000000        0x0 src\system_stm32f0xx.o
 .data.SystemCoreClock
                0x00000000        0x4 src\system_stm32f0xx.o
 .rodata.AHBPrescTable
                0x00000000       0x10 src\system_stm32f0xx.o
 .rodata.APBPrescTable
                0x00000000        0x8 src\system_stm32f0xx.o
 .text.SystemCoreClockUpdate
                0x00000000       0xd8 src\system_stm32f0xx.o
 .text          0x00000000        0x0 src\tiny_printf.o
 .data          0x00000000        0x0 src\tiny_printf.o
 .bss           0x00000000        0x0 src\tiny_printf.o
 .text.ts_itoa  0x00000000       0x98 src\tiny_printf.o
 .text.ts_formatstring
                0x00000000      0x12c src\tiny_printf.o
 .text.ts_formatlength
                0x00000000       0xa8 src\tiny_printf.o
 .rodata.ts_formatlength
                0x00000000       0x84 src\tiny_printf.o
 .text.siprintf
                0x00000000       0x30 src\tiny_printf.o
 .text.fiprintf
                0x00000000       0xc8 src\tiny_printf.o
 .text.iprintf  0x00000000       0xc0 src\tiny_printf.o
 .rodata        0x00000000        0x2 src\tiny_printf.o
 .text.fputs    0x00000000       0x70 src\tiny_printf.o
 .text.puts     0x00000000       0x60 src\tiny_printf.o
 .text.fwrite   0x00000000       0x3a src\tiny_printf.o
 .debug_info    0x00000000      0xc78 src\tiny_printf.o
 .debug_abbrev  0x00000000      0x262 src\tiny_printf.o
 .debug_aranges
                0x00000000       0x60 src\tiny_printf.o
 .debug_ranges  0x00000000       0x50 src\tiny_printf.o
 .debug_line    0x00000000      0x2b9 src\tiny_printf.o
 .debug_str     0x00000000      0x65e src\tiny_printf.o
 .comment       0x00000000       0x7d src\tiny_printf.o
 .debug_frame   0x00000000      0x140 src\tiny_printf.o
 .ARM.attributes
                0x00000000       0x31 src\tiny_printf.o
 .text          0x00000000        0x0 c:/program files (x86)/atollic/truestudio for arm 8.1.0/armtools/bin/../lib/gcc/arm-atollic-eabi/6.3.1/../../../../arm-atollic-eabi/lib/armv6-m\libc_nano.a(lib_a-init.o)
 .data          0x00000000        0x0 c:/program files (x86)/atollic/truestudio for arm 8.1.0/armtools/bin/../lib/gcc/arm-atollic-eabi/6.3.1/../../../../arm-atollic-eabi/lib/armv6-m\libc_nano.a(lib_a-init.o)
 .bss           0x00000000        0x0 c:/program files (x86)/atollic/truestudio for arm 8.1.0/armtools/bin/../lib/gcc/arm-atollic-eabi/6.3.1/../../../../arm-atollic-eabi/lib/armv6-m\libc_nano.a(lib_a-init.o)
 .text          0x00000000        0xe c:/program files (x86)/atollic/truestudio for arm 8.1.0/armtools/bin/../lib/gcc/arm-atollic-eabi/6.3.1/../../../../arm-atollic-eabi/lib/armv6-m\libc_nano.a(lib_a-strlen.o)
 .data          0x00000000        0x0 c:/program files (x86)/atollic/truestudio for arm 8.1.0/armtools/bin/../lib/gcc/arm-atollic-eabi/6.3.1/../../../../arm-atollic-eabi/lib/armv6-m\libc_nano.a(lib_a-strlen.o)
 .bss           0x00000000        0x0 c:/program files (x86)/atollic/truestudio for arm 8.1.0/armtools/bin/../lib/gcc/arm-atollic-eabi/6.3.1/../../../../arm-atollic-eabi/lib/armv6-m\libc_nano.a(lib_a-strlen.o)
 .ARM.attributes
                0x00000000       0x1c c:/program files (x86)/atollic/truestudio for arm 8.1.0/armtools/bin/../lib/gcc/arm-atollic-eabi/6.3.1/../../../../arm-atollic-eabi/lib/armv6-m\libc_nano.a(lib_a-strlen.o)
 .text          0x00000000      0x114 c:/program files (x86)/atollic/truestudio for arm 8.1.0/armtools/bin/../lib/gcc/arm-atollic-eabi/6.3.1/armv6-m\libgcc.a(_udivsi3.o)
 .data          0x00000000        0x0 c:/program files (x86)/atollic/truestudio for arm 8.1.0/armtools/bin/../lib/gcc/arm-atollic-eabi/6.3.1/armv6-m\libgcc.a(_udivsi3.o)
 .bss           0x00000000        0x0 c:/program files (x86)/atollic/truestudio for arm 8.1.0/armtools/bin/../lib/gcc/arm-atollic-eabi/6.3.1/armv6-m\libgcc.a(_udivsi3.o)
 .debug_frame   0x00000000       0x20 c:/program files (x86)/atollic/truestudio for arm 8.1.0/armtools/bin/../lib/gcc/arm-atollic-eabi/6.3.1/armv6-m\libgcc.a(_udivsi3.o)
 .ARM.attributes
                0x00000000       0x1e c:/program files (x86)/atollic/truestudio for arm 8.1.0/armtools/bin/../lib/gcc/arm-atollic-eabi/6.3.1/armv6-m\libgcc.a(_udivsi3.o)
 .text          0x00000000      0x1d4 c:/program files (x86)/atollic/truestudio for arm 8.1.0/armtools/bin/../lib/gcc/arm-atollic-eabi/6.3.1/armv6-m\libgcc.a(_divsi3.o)
 .data          0x00000000        0x0 c:/program files (x86)/atollic/truestudio for arm 8.1.0/armtools/bin/../lib/gcc/arm-atollic-eabi/6.3.1/armv6-m\libgcc.a(_divsi3.o)
 .bss           0x00000000        0x0 c:/program files (x86)/atollic/truestudio for arm 8.1.0/armtools/bin/../lib/gcc/arm-atollic-eabi/6.3.1/armv6-m\libgcc.a(_divsi3.o)
 .debug_frame   0x00000000       0x20 c:/program files (x86)/atollic/truestudio for arm 8.1.0/armtools/bin/../lib/gcc/arm-atollic-eabi/6.3.1/armv6-m\libgcc.a(_divsi3.o)
 .ARM.attributes
                0x00000000       0x1e c:/program files (x86)/atollic/truestudio for arm 8.1.0/armtools/bin/../lib/gcc/arm-atollic-eabi/6.3.1/armv6-m\libgcc.a(_divsi3.o)
 .text          0x00000000        0x4 c:/program files (x86)/atollic/truestudio for arm 8.1.0/armtools/bin/../lib/gcc/arm-atollic-eabi/6.3.1/armv6-m\libgcc.a(_dvmd_tls.o)
 .data          0x00000000        0x0 c:/program files (x86)/atollic/truestudio for arm 8.1.0/armtools/bin/../lib/gcc/arm-atollic-eabi/6.3.1/armv6-m\libgcc.a(_dvmd_tls.o)
 .bss           0x00000000        0x0 c:/program files (x86)/atollic/truestudio for arm 8.1.0/armtools/bin/../lib/gcc/arm-atollic-eabi/6.3.1/armv6-m\libgcc.a(_dvmd_tls.o)
 .ARM.attributes
                0x00000000       0x1e c:/program files (x86)/atollic/truestudio for arm 8.1.0/armtools/bin/../lib/gcc/arm-atollic-eabi/6.3.1/armv6-m\libgcc.a(_dvmd_tls.o)
 .text          0x00000000        0x0 c:/program files (x86)/atollic/truestudio for arm 8.1.0/armtools/bin/../lib/gcc/arm-atollic-eabi/6.3.1/../../../../arm-atollic-eabi/lib/armv6-m\libnosys.a(write.o)
 .data          0x00000000        0x0 c:/program files (x86)/atollic/truestudio for arm 8.1.0/armtools/bin/../lib/gcc/arm-atollic-eabi/6.3.1/../../../../arm-atollic-eabi/lib/armv6-m\libnosys.a(write.o)
 .bss           0x00000000        0x0 c:/program files (x86)/atollic/truestudio for arm 8.1.0/armtools/bin/../lib/gcc/arm-atollic-eabi/6.3.1/../../../../arm-atollic-eabi/lib/armv6-m\libnosys.a(write.o)
 .stab          0x00000000       0x24 c:/program files (x86)/atollic/truestudio for arm 8.1.0/armtools/bin/../lib/gcc/arm-atollic-eabi/6.3.1/../../../../arm-atollic-eabi/lib/armv6-m\libnosys.a(write.o)
 .text._write   0x00000000       0x10 c:/program files (x86)/atollic/truestudio for arm 8.1.0/armtools/bin/../lib/gcc/arm-atollic-eabi/6.3.1/../../../../arm-atollic-eabi/lib/armv6-m\libnosys.a(write.o)
 .debug_frame   0x00000000       0x20 c:/program files (x86)/atollic/truestudio for arm 8.1.0/armtools/bin/../lib/gcc/arm-atollic-eabi/6.3.1/../../../../arm-atollic-eabi/lib/armv6-m\libnosys.a(write.o)
 .ARM.attributes
                0x00000000       0x2c c:/program files (x86)/atollic/truestudio for arm 8.1.0/armtools/bin/../lib/gcc/arm-atollic-eabi/6.3.1/../../../../arm-atollic-eabi/lib/armv6-m\libnosys.a(write.o)
 .text          0x00000000        0x0 c:/program files (x86)/atollic/truestudio for arm 8.1.0/armtools/bin/../lib/gcc/arm-atollic-eabi/6.3.1/../../../../arm-atollic-eabi/lib/armv6-m\libnosys.a(errno.o)
 .data          0x00000000        0x0 c:/program files (x86)/atollic/truestudio for arm 8.1.0/armtools/bin/../lib/gcc/arm-atollic-eabi/6.3.1/../../../../arm-atollic-eabi/lib/armv6-m\libnosys.a(errno.o)
 .bss           0x00000000        0x0 c:/program files (x86)/atollic/truestudio for arm 8.1.0/armtools/bin/../lib/gcc/arm-atollic-eabi/6.3.1/../../../../arm-atollic-eabi/lib/armv6-m\libnosys.a(errno.o)
 .ARM.attributes
                0x00000000       0x2c c:/program files (x86)/atollic/truestudio for arm 8.1.0/armtools/bin/../lib/gcc/arm-atollic-eabi/6.3.1/../../../../arm-atollic-eabi/lib/armv6-m\libnosys.a(errno.o)
 COMMON         0x00000000        0x4 c:/program files (x86)/atollic/truestudio for arm 8.1.0/armtools/bin/../lib/gcc/arm-atollic-eabi/6.3.1/../../../../arm-atollic-eabi/lib/armv6-m\libnosys.a(errno.o)
 .text          0x00000000        0x0 c:/program files (x86)/atollic/truestudio for arm 8.1.0/armtools/bin/../lib/gcc/arm-atollic-eabi/6.3.1/armv6-m/crtend.o
 .data          0x00000000        0x0 c:/program files (x86)/atollic/truestudio for arm 8.1.0/armtools/bin/../lib/gcc/arm-atollic-eabi/6.3.1/armv6-m/crtend.o
 .bss           0x00000000        0x0 c:/program files (x86)/atollic/truestudio for arm 8.1.0/armtools/bin/../lib/gcc/arm-atollic-eabi/6.3.1/armv6-m/crtend.o
 .eh_frame      0x00000000        0x4 c:/program files (x86)/atollic/truestudio for arm 8.1.0/armtools/bin/../lib/gcc/arm-atollic-eabi/6.3.1/armv6-m/crtend.o
 .ARM.attributes
                0x00000000       0x2c c:/program files (x86)/atollic/truestudio for arm 8.1.0/armtools/bin/../lib/gcc/arm-atollic-eabi/6.3.1/armv6-m/crtend.o
 .text          0x00000000        0x0 c:/program files (x86)/atollic/truestudio for arm 8.1.0/armtools/bin/../lib/gcc/arm-atollic-eabi/6.3.1/armv6-m/crtn.o
 .data          0x00000000        0x0 c:/program files (x86)/atollic/truestudio for arm 8.1.0/armtools/bin/../lib/gcc/arm-atollic-eabi/6.3.1/armv6-m/crtn.o
 .bss           0x00000000        0x0 c:/program files (x86)/atollic/truestudio for arm 8.1.0/armtools/bin/../lib/gcc/arm-atollic-eabi/6.3.1/armv6-m/crtn.o

Memory Configuration

Name             Origin             Length             Attributes
FLASH            0x08000000         0x00008000         xr
RAM              0x20000000         0x00002000         xrw
MEMORY_B1        0x60000000         0x00000000         xr
*default*        0x00000000         0xffffffff

Linker script and memory map

LOAD c:/program files (x86)/atollic/truestudio for arm 8.1.0/armtools/bin/../lib/gcc/arm-atollic-eabi/6.3.1/armv6-m/crti.o
LOAD c:/program files (x86)/atollic/truestudio for arm 8.1.0/armtools/bin/../lib/gcc/arm-atollic-eabi/6.3.1/armv6-m/crtbegin.o
LOAD src\LED.o
LOAD src\PB.o
LOAD src\lcd_stm32f0.o
LOAD src\main.o
LOAD src\startup_stm32f051x8.o
LOAD src\system_stm32f0xx.o
LOAD src\tiny_printf.o
                0x00000080                malloc_getpagesize_P = 0x80
START GROUP
LOAD c:/program files (x86)/atollic/truestudio for arm 8.1.0/armtools/bin/../lib/gcc/arm-atollic-eabi/6.3.1/../../../../arm-atollic-eabi/lib/armv6-m\libc_nano.a
LOAD c:/program files (x86)/atollic/truestudio for arm 8.1.0/armtools/bin/../lib/gcc/arm-atollic-eabi/6.3.1/../../../../arm-atollic-eabi/lib/armv6-m\libm.a
END GROUP
START GROUP
LOAD c:/program files (x86)/atollic/truestudio for arm 8.1.0/armtools/bin/../lib/gcc/arm-atollic-eabi/6.3.1/armv6-m\libgcc.a
LOAD c:/program files (x86)/atollic/truestudio for arm 8.1.0/armtools/bin/../lib/gcc/arm-atollic-eabi/6.3.1/../../../../arm-atollic-eabi/lib/armv6-m\libc_nano.a
END GROUP
START GROUP
LOAD c:/program files (x86)/atollic/truestudio for arm 8.1.0/armtools/bin/../lib/gcc/arm-atollic-eabi/6.3.1/armv6-m\libgcc.a
LOAD c:/program files (x86)/atollic/truestudio for arm 8.1.0/armtools/bin/../lib/gcc/arm-atollic-eabi/6.3.1/../../../../arm-atollic-eabi/lib/armv6-m\libc_nano.a
LOAD c:/program files (x86)/atollic/truestudio for arm 8.1.0/armtools/bin/../lib/gcc/arm-atollic-eabi/6.3.1/../../../../arm-atollic-eabi/lib/armv6-m\libnosys.a
END GROUP
START GROUP
LOAD c:/program files (x86)/atollic/truestudio for arm 8.1.0/armtools/bin/../lib/gcc/arm-atollic-eabi/6.3.1/armv6-m\libgcc.a
LOAD c:/program files (x86)/atollic/truestudio for arm 8.1.0/armtools/bin/../lib/gcc/arm-atollic-eabi/6.3.1/../../../../arm-atollic-eabi/lib/armv6-m\libc_nano.a
LOAD c:/program files (x86)/atollic/truestudio for arm 8.1.0/armtools/bin/../lib/gcc/arm-atollic-eabi/6.3.1/../../../../arm-atollic-eabi/lib/armv6-m\libnosys.a
END GROUP
LOAD c:/program files (x86)/atollic/truestudio for arm 8.1.0/armtools/bin/../lib/gcc/arm-atollic-eabi/6.3.1/armv6-m/crtend.o
LOAD c:/program files (x86)/atollic/truestudio for arm 8.1.0/armtools/bin/../lib/gcc/arm-atollic-eabi/6.3.1/armv6-m/crtn.o
                0x20002000                _estack = 0x20002000
                0x00000000                _Min_Heap_Size = 0x0
                0x00000080                _Min_Stack_Size = 0x80

.isr_vector     0x08000000       0xc0
                0x08000000                . = ALIGN (0x4)
 *(.isr_vector)
 .isr_vector    0x08000000       0xc0 src\startup_stm32f051x8.o
                0x08000000                g_pfnVectors
                0x080000c0                . = ALIGN (0x4)

.text           0x080000c0      0x888
                0x080000c0                . = ALIGN (0x4)
 *(.text)
 .text          0x080000c0       0x48 c:/program files (x86)/atollic/truestudio for arm 8.1.0/armtools/bin/../lib/gcc/arm-atollic-eabi/6.3.1/armv6-m/crtbegin.o
 *(.text*)
 .text.init_LEDs
                0x08000108       0x20 src\LED.o
                0x08000108                init_LEDs
 .text.light_on
                0x08000128       0xa0 src\LED.o
                0x08000128                light_on
 .text.light_off
                0x080001c8       0xa0 src\LED.o
                0x080001c8                light_off
 .text.init_push_buttons
                0x08000268       0x9c src\PB.o
                0x08000268                init_push_buttons
 .text.get_button_state
                0x08000304       0xa2 src\PB.o
                0x08000304                get_button_state
 .text.lcd_string
                0x080003a6       0x3e src\lcd_stm32f0.o
                0x080003a6                lcd_string
 .text.lcd_init
                0x080003e4       0xf8 src\lcd_stm32f0.o
                0x080003e4                lcd_init
 .text.lcd_command
                0x080004dc       0x2c src\lcd_stm32f0.o
                0x080004dc                lcd_command
 .text.lcd_put  0x08000508       0x64 src\lcd_stm32f0.o
 .text.lcd_write4bits
                0x0800056c       0xcc src\lcd_stm32f0.o
 .text.delay    0x08000638       0x32 src\lcd_stm32f0.o
 *fill*         0x0800066a        0x2 
 .text.pulse_strobe
                0x0800066c       0x3c src\lcd_stm32f0.o
 .text.main     0x080006a8       0xe8 src\main.o
                0x080006a8                main
 .text.get_mode
                0x08000790       0x7a src\main.o
                0x08000790                get_mode
 *fill*         0x0800080a        0x2 
 .text.Reset_Handler
                0x0800080c       0x50 src\startup_stm32f051x8.o
                0x0800080c                Reset_Handler
 .text.Default_Handler
                0x0800085c        0x2 src\startup_stm32f051x8.o
                0x0800085c                TIM1_CC_IRQHandler
                0x0800085c                TSC_IRQHandler
                0x0800085c                HardFault_Handler
                0x0800085c                ADC1_COMP_IRQHandler
                0x0800085c                SysTick_Handler
                0x0800085c                PVD_IRQHandler
                0x0800085c                PendSV_Handler
                0x0800085c                NMI_Handler
                0x0800085c                I2C1_IRQHandler
                0x0800085c                RCC_CRS_IRQHandler
                0x0800085c                SPI1_IRQHandler
                0x0800085c                TIM6_DAC_IRQHandler
                0x0800085c                EXTI2_3_IRQHandler
                0x0800085c                I2C2_IRQHandler
                0x0800085c                TIM17_IRQHandler
                0x0800085c                CEC_CAN_IRQHandler
                0x0800085c                RTC_IRQHandler
                0x0800085c                TIM16_IRQHandler
                0x0800085c                TIM3_IRQHandler
                0x0800085c                EXTI4_15_IRQHandler
                0x0800085c                DMA1_Channel1_IRQHandler
                0x0800085c                Default_Handler
                0x0800085c                TIM14_IRQHandler
                0x0800085c                DMA1_Channel4_5_IRQHandler
                0x0800085c                TIM15_IRQHandler
                0x0800085c                EXTI0_1_IRQHandler
                0x0800085c                SPI2_IRQHandler
                0x0800085c                SVC_Handler
                0x0800085c                WWDG_IRQHandler
                0x0800085c                TIM2_IRQHandler
                0x0800085c                DMA1_Channel2_3_IRQHandler
                0x0800085c                USART2_IRQHandler
                0x0800085c                FLASH_IRQHandler
                0x0800085c                USART1_IRQHandler
                0x0800085c                TIM1_BRK_UP_TRG_COM_IRQHandler
 *fill*         0x0800085e        0x2 
 .text.SystemInit
                0x08000860       0x88 src\system_stm32f0xx.o
                0x08000860                SystemInit
 .text.__libc_init_array
                0x080008e8       0x48 c:/program files (x86)/atollic/truestudio for arm 8.1.0/armtools/bin/../lib/gcc/arm-atollic-eabi/6.3.1/../../../../arm-atollic-eabi/lib/armv6-m\libc_nano.a(lib_a-init.o)
                0x080008e8                __libc_init_array
 *(.glue_7)
 .glue_7        0x08000930        0x0 linker stubs
 *(.glue_7t)
 .glue_7t       0x08000930        0x0 linker stubs
 *(.eh_frame)
 .eh_frame      0x08000930        0x0 c:/program files (x86)/atollic/truestudio for arm 8.1.0/armtools/bin/../lib/gcc/arm-atollic-eabi/6.3.1/armv6-m/crtbegin.o
 *(.init)
 .init          0x08000930        0x4 c:/program files (x86)/atollic/truestudio for arm 8.1.0/armtools/bin/../lib/gcc/arm-atollic-eabi/6.3.1/armv6-m/crti.o
                0x08000930                _init
 .init          0x08000934        0x8 c:/program files (x86)/atollic/truestudio for arm 8.1.0/armtools/bin/../lib/gcc/arm-atollic-eabi/6.3.1/armv6-m/crtn.o
 *(.fini)
 .fini          0x0800093c        0x4 c:/program files (x86)/atollic/truestudio for arm 8.1.0/armtools/bin/../lib/gcc/arm-atollic-eabi/6.3.1/armv6-m/crti.o
                0x0800093c                _fini
 .fini          0x08000940        0x8 c:/program files (x86)/atollic/truestudio for arm 8.1.0/armtools/bin/../lib/gcc/arm-atollic-eabi/6.3.1/armv6-m/crtn.o
                0x08000948                . = ALIGN (0x4)
                0x08000948                _etext = .

.vfp11_veneer   0x08000948        0x0
 .vfp11_veneer  0x08000948        0x0 linker stubs

.v4_bx          0x08000948        0x0
 .v4_bx         0x08000948        0x0 linker stubs

.iplt           0x08000948        0x0
 .iplt          0x08000948        0x0 c:/program files (x86)/atollic/truestudio for arm 8.1.0/armtools/bin/../lib/gcc/arm-atollic-eabi/6.3.1/armv6-m/crtbegin.o

.rodata         0x08000948       0x58
                0x08000948                . = ALIGN (0x4)
 *(.rodata)
 .rodata        0x08000948       0x15 src\main.o
 *(.rodata*)
 *fill*         0x0800095d        0x3 
 .rodata.light_on
                0x08000960       0x20 src\LED.o
 .rodata.light_off
                0x08000980       0x20 src\LED.o
                0x080009a0                . = ALIGN (0x4)

.rel.dyn        0x080009a0        0x0
 .rel.iplt      0x080009a0        0x0 c:/program files (x86)/atollic/truestudio for arm 8.1.0/armtools/bin/../lib/gcc/arm-atollic-eabi/6.3.1/armv6-m/crtbegin.o

.ARM.extab
 *(.ARM.extab* .gnu.linkonce.armextab.*)

.ARM            0x080009a0        0x0
                0x080009a0                __exidx_start = .
 *(.ARM.exidx*)
                0x080009a0                __exidx_end = .

.preinit_array  0x080009a0        0x0
                0x080009a0                PROVIDE (__preinit_array_start, .)
 *(.preinit_array*)
                0x080009a0                PROVIDE (__preinit_array_end, .)

.init_array     0x080009a0        0x4
                0x080009a0                PROVIDE (__init_array_start, .)
 *(SORT(.init_array.*))
 *(.init_array*)
 .init_array    0x080009a0        0x4 c:/program files (x86)/atollic/truestudio for arm 8.1.0/armtools/bin/../lib/gcc/arm-atollic-eabi/6.3.1/armv6-m/crtbegin.o
                0x080009a4                PROVIDE (__init_array_end, .)

.fini_array     0x080009a4        0x4
                [!provide]                PROVIDE (__fini_array_start, .)
 *(SORT(.fini_array.*))
 *(.fini_array*)
 .fini_array    0x080009a4        0x4 c:/program files (x86)/atollic/truestudio for arm 8.1.0/armtools/bin/../lib/gcc/arm-atollic-eabi/6.3.1/armv6-m/crtbegin.o
                [!provide]                PROVIDE (__fini_array_end, .)
                0x080009a8                _sidata = LOADADDR (.data)

.data           0x20000000        0x0 load address 0x080009a8
                0x20000000                . = ALIGN (0x4)
                0x20000000                _sdata = .
 *(.data)
 *(.data*)
                0x20000000                . = ALIGN (0x4)
                0x20000000                _edata = .

.igot.plt       0x20000000        0x0 load address 0x080009a8
 .igot.plt      0x20000000        0x0 c:/program files (x86)/atollic/truestudio for arm 8.1.0/armtools/bin/../lib/gcc/arm-atollic-eabi/6.3.1/armv6-m/crtbegin.o
                0x20000000                . = ALIGN (0x4)

.bss            0x20000000       0x20 load address 0x080009a8
                0x20000000                _sbss = .
                0x20000000                __bss_start__ = _sbss
 *(.bss)
 .bss           0x20000000       0x1c c:/program files (x86)/atollic/truestudio for arm 8.1.0/armtools/bin/../lib/gcc/arm-atollic-eabi/6.3.1/armv6-m/crtbegin.o
 *(.bss*)
 .bss.mode      0x2000001c        0x1 src\main.o
                0x2000001c                mode
 *(COMMON)
                0x20000020                . = ALIGN (0x4)
 *fill*         0x2000001d        0x3 
                0x20000020                _ebss = .
                0x20000020                __bss_end__ = _ebss

._user_heap_stack
                0x20000020       0x80 load address 0x080009a8
                0x20000020                . = ALIGN (0x4)
                [!provide]                PROVIDE (end, .)
                [!provide]                PROVIDE (_end, .)
                0x20000020                . = (. + _Min_Heap_Size)
                0x200000a0                . = (. + _Min_Stack_Size)
 *fill*         0x20000020       0x80 
                0x200000a0                . = ALIGN (0x4)

.memory_b1_text
 *(.mb1text)
 *(.mb1text*)
 *(.mb1rodata)
 *(.mb1rodata*)

/DISCARD/
 libc.a(*)
 libm.a(*)
 libgcc.a(*)

.ARM.attributes
                0x00000000       0x28
 *(.ARM.attributes)
 .ARM.attributes
                0x00000000       0x1e c:/program files (x86)/atollic/truestudio for arm 8.1.0/armtools/bin/../lib/gcc/arm-atollic-eabi/6.3.1/armv6-m/crti.o
 .ARM.attributes
                0x0000001e       0x2c c:/program files (x86)/atollic/truestudio for arm 8.1.0/armtools/bin/../lib/gcc/arm-atollic-eabi/6.3.1/armv6-m/crtbegin.o
 .ARM.attributes
                0x0000004a       0x31 src\LED.o
 .ARM.attributes
                0x0000007b       0x31 src\PB.o
 .ARM.attributes
                0x000000ac       0x31 src\lcd_stm32f0.o
 .ARM.attributes
                0x000000dd       0x31 src\main.o
 .ARM.attributes
                0x0000010e       0x21 src\startup_stm32f051x8.o
 .ARM.attributes
                0x0000012f       0x31 src\system_stm32f0xx.o
 .ARM.attributes
                0x00000160       0x2c c:/program files (x86)/atollic/truestudio for arm 8.1.0/armtools/bin/../lib/gcc/arm-atollic-eabi/6.3.1/../../../../arm-atollic-eabi/lib/armv6-m\libc_nano.a(lib_a-init.o)
 .ARM.attributes
                0x0000018c       0x1e c:/program files (x86)/atollic/truestudio for arm 8.1.0/armtools/bin/../lib/gcc/arm-atollic-eabi/6.3.1/armv6-m/crtn.o
OUTPUT(LED_controller.elf elf32-littlearm)

.debug_info     0x00000000      0xd2d
 .debug_info    0x00000000      0x21e src\LED.o
 .debug_info    0x0000021e      0x2b3 src\PB.o
 .debug_info    0x000004d1      0x3fe src\lcd_stm32f0.o
 .debug_info    0x000008cf      0x1a4 src\main.o
 .debug_info    0x00000a73       0x70 src\startup_stm32f051x8.o
 .debug_info    0x00000ae3      0x24a src\system_stm32f0xx.o

.debug_abbrev   0x00000000      0x551
 .debug_abbrev  0x00000000       0xe1 src\LED.o
 .debug_abbrev  0x000000e1       0xf2 src\PB.o
 .debug_abbrev  0x000001d3      0x171 src\lcd_stm32f0.o
 .debug_abbrev  0x00000344       0xfe src\main.o
 .debug_abbrev  0x00000442       0x12 src\startup_stm32f051x8.o
 .debug_abbrev  0x00000454       0xfd src\system_stm32f0xx.o

.debug_aranges  0x00000000      0x130
 .debug_aranges
                0x00000000       0x38 src\LED.o
 .debug_aranges
                0x00000038       0x28 src\PB.o
 .debug_aranges
                0x00000060       0x58 src\lcd_stm32f0.o
 .debug_aranges
                0x000000b8       0x28 src\main.o
 .debug_aranges
                0x000000e0       0x28 src\startup_stm32f051x8.o
 .debug_aranges
                0x00000108       0x28 src\system_stm32f0xx.o

.debug_ranges   0x00000000       0xd8
 .debug_ranges  0x00000000       0x28 src\LED.o
 .debug_ranges  0x00000028       0x18 src\PB.o
 .debug_ranges  0x00000040       0x48 src\lcd_stm32f0.o
 .debug_ranges  0x00000088       0x18 src\main.o
 .debug_ranges  0x000000a0       0x20 src\startup_stm32f051x8.o
 .debug_ranges  0x000000c0       0x18 src\system_stm32f0xx.o

.debug_line     0x00000000      0x9df
 .debug_line    0x00000000      0x1da src\LED.o
 .debug_line    0x000001da      0x1aa src\PB.o
 .debug_line    0x00000384      0x253 src\lcd_stm32f0.o
 .debug_line    0x000005d7      0x1d5 src\main.o
 .debug_line    0x000007ac       0x7f src\startup_stm32f051x8.o
 .debug_line    0x0000082b      0x1b4 src\system_stm32f0xx.o

.debug_str      0x00000000      0x45f
 .debug_str     0x00000000      0x1d6 src\LED.o
                                0x21b (size before relaxing)
 .debug_str     0x000001d6       0x89 src\PB.o
                                0x26d (size before relaxing)
 .debug_str     0x0000025f      0x174 src\lcd_stm32f0.o
                                0x3b3 (size before relaxing)
 .debug_str     0x000003d3       0x32 src\main.o
                                0x285 (size before relaxing)
 .debug_str     0x00000405       0x5a src\system_stm32f0xx.o
                                0x25f (size before relaxing)

.comment        0x00000000       0x7c
 .comment       0x00000000       0x7c src\LED.o
                                 0x7d (size before relaxing)
 .comment       0x0000007c       0x7d src\PB.o
 .comment       0x0000007c       0x7d src\lcd_stm32f0.o
 .comment       0x0000007c       0x7d src\main.o
 .comment       0x0000007c       0x7d src\system_stm32f0xx.o

.debug_frame    0x00000000      0x2a8
 .debug_frame   0x00000000       0x8c src\LED.o
 .debug_frame   0x0000008c       0x4c src\PB.o
 .debug_frame   0x000000d8      0x108 src\lcd_stm32f0.o
 .debug_frame   0x000001e0       0x50 src\main.o
 .debug_frame   0x00000230       0x4c src\system_stm32f0xx.o
 .debug_frame   0x0000027c       0x2c c:/program files (x86)/atollic/truestudio for arm 8.1.0/armtools/bin/../lib/gcc/arm-atollic-eabi/6.3.1/../../../../arm-atollic-eabi/lib/armv6-m\libc_nano.a(lib_a-init.o)

.stabstr        0x00000000       0x3f
 .stabstr       0x00000000       0x3f c:/program files (x86)/atollic/truestudio for arm 8.1.0/armtools/bin/../lib/gcc/arm-atollic-eabi/6.3.1/../../../../arm-atollic-eabi/lib/armv6-m\libnosys.a(write.o)

Cross Reference Table

Symbol                                            File
ADC1_COMP_IRQHandler                              src\startup_stm32f051x8.o
AHBPrescTable                                     src\system_stm32f0xx.o
APBPrescTable                                     src\system_stm32f0xx.o
CEC_CAN_IRQHandler                                src\startup_stm32f051x8.o
DMA1_Channel1_IRQHandler                          src\startup_stm32f051x8.o
DMA1_Channel2_3_IRQHandler                        src\startup_stm32f051x8.o
DMA1_Channel4_5_IRQHandler                        src\startup_stm32f051x8.o
Default_Handler                                   src\startup_stm32f051x8.o
EXTI0_1_IRQHandler                                src\startup_stm32f051x8.o
EXTI2_3_IRQHandler                                src\startup_stm32f051x8.o
EXTI4_15_IRQHandler                               src\startup_stm32f051x8.o
FLASH_IRQHandler                                  src\startup_stm32f051x8.o
HardFault_Handler                                 src\startup_stm32f051x8.o
I2C1_IRQHandler                                   src\startup_stm32f051x8.o
I2C2_IRQHandler                                   src\startup_stm32f051x8.o
NMI_Handler                                       src\startup_stm32f051x8.o
PVD_IRQHandler                                    src\startup_stm32f051x8.o
PendSV_Handler                                    src\startup_stm32f051x8.o
RCC_CRS_IRQHandler                                src\startup_stm32f051x8.o
RTC_IRQHandler                                    src\startup_stm32f051x8.o
Reset_Handler                                     src\startup_stm32f051x8.o
SPI1_IRQHandler                                   src\startup_stm32f051x8.o
SPI2_IRQHandler                                   src\startup_stm32f051x8.o
SVC_Handler                                       src\startup_stm32f051x8.o
SysTick_Handler                                   src\startup_stm32f051x8.o
SystemCoreClock                                   src\system_stm32f0xx.o
SystemCoreClockUpdate                             src\system_stm32f0xx.o
SystemInit                                        src\system_stm32f0xx.o
                                                  src\startup_stm32f051x8.o
TIM14_IRQHandler                                  src\startup_stm32f051x8.o
TIM15_IRQHandler                                  src\startup_stm32f051x8.o
TIM16_IRQHandler                                  src\startup_stm32f051x8.o
TIM17_IRQHandler                                  src\startup_stm32f051x8.o
TIM1_BRK_UP_TRG_COM_IRQHandler                    src\startup_stm32f051x8.o
TIM1_CC_IRQHandler                                src\startup_stm32f051x8.o
TIM2_IRQHandler                                   src\startup_stm32f051x8.o
TIM3_IRQHandler                                   src\startup_stm32f051x8.o
TIM6_DAC_IRQHandler                               src\startup_stm32f051x8.o
TSC_IRQHandler                                    src\startup_stm32f051x8.o
USART1_IRQHandler                                 src\startup_stm32f051x8.o
USART2_IRQHandler                                 src\startup_stm32f051x8.o
WWDG_IRQHandler                                   src\startup_stm32f051x8.o
__aeabi_idiv                                      c:/program files (x86)/atollic/truestudio for arm 8.1.0/armtools/bin/../lib/gcc/arm-atollic-eabi/6.3.1/armv6-m\libgcc.a(_divsi3.o)
                                                  src\tiny_printf.o
__aeabi_idiv0                                     c:/program files (x86)/atollic/truestudio for arm 8.1.0/armtools/bin/../lib/gcc/arm-atollic-eabi/6.3.1/armv6-m\libgcc.a(_dvmd_tls.o)
                                                  c:/program files (x86)/atollic/truestudio for arm 8.1.0/armtools/bin/../lib/gcc/arm-atollic-eabi/6.3.1/armv6-m\libgcc.a(_divsi3.o)
                                                  c:/program files (x86)/atollic/truestudio for arm 8.1.0/armtools/bin/../lib/gcc/arm-atollic-eabi/6.3.1/armv6-m\libgcc.a(_udivsi3.o)
__aeabi_idivmod                                   c:/program files (x86)/atollic/truestudio for arm 8.1.0/armtools/bin/../lib/gcc/arm-atollic-eabi/6.3.1/armv6-m\libgcc.a(_divsi3.o)
__aeabi_ldiv0                                     c:/program files (x86)/atollic/truestudio for arm 8.1.0/armtools/bin/../lib/gcc/arm-atollic-eabi/6.3.1/armv6-m\libgcc.a(_dvmd_tls.o)
__aeabi_uidiv                                     c:/program files (x86)/atollic/truestudio for arm 8.1.0/armtools/bin/../lib/gcc/arm-atollic-eabi/6.3.1/armv6-m\libgcc.a(_udivsi3.o)
                                                  src\tiny_printf.o
                                                  src\system_stm32f0xx.o
__aeabi_uidivmod                                  c:/program files (x86)/atollic/truestudio for arm 8.1.0/armtools/bin/../lib/gcc/arm-atollic-eabi/6.3.1/armv6-m\libgcc.a(_udivsi3.o)
                                                  src\tiny_printf.o
__deregister_frame_info                           c:/program files (x86)/atollic/truestudio for arm 8.1.0/armtools/bin/../lib/gcc/arm-atollic-eabi/6.3.1/armv6-m/crtbegin.o
__divsi3                                          c:/program files (x86)/atollic/truestudio for arm 8.1.0/armtools/bin/../lib/gcc/arm-atollic-eabi/6.3.1/armv6-m\libgcc.a(_divsi3.o)
__dso_handle                                      c:/program files (x86)/atollic/truestudio for arm 8.1.0/armtools/bin/../lib/gcc/arm-atollic-eabi/6.3.1/armv6-m/crtbegin.o
__init_array_end                                  c:/program files (x86)/atollic/truestudio for arm 8.1.0/armtools/bin/../lib/gcc/arm-atollic-eabi/6.3.1/../../../../arm-atollic-eabi/lib/armv6-m\libc_nano.a(lib_a-init.o)
__init_array_start                                c:/program files (x86)/atollic/truestudio for arm 8.1.0/armtools/bin/../lib/gcc/arm-atollic-eabi/6.3.1/../../../../arm-atollic-eabi/lib/armv6-m\libc_nano.a(lib_a-init.o)
__libc_init_array                                 c:/program files (x86)/atollic/truestudio for arm 8.1.0/armtools/bin/../lib/gcc/arm-atollic-eabi/6.3.1/../../../../arm-atollic-eabi/lib/armv6-m\libc_nano.a(lib_a-init.o)
                                                  src\startup_stm32f051x8.o
__preinit_array_end                               c:/program files (x86)/atollic/truestudio for arm 8.1.0/armtools/bin/../lib/gcc/arm-atollic-eabi/6.3.1/../../../../arm-atollic-eabi/lib/armv6-m\libc_nano.a(lib_a-init.o)
__preinit_array_start                             c:/program files (x86)/atollic/truestudio for arm 8.1.0/armtools/bin/../lib/gcc/arm-atollic-eabi/6.3.1/../../../../arm-atollic-eabi/lib/armv6-m\libc_nano.a(lib_a-init.o)
__register_frame_info                             c:/program files (x86)/atollic/truestudio for arm 8.1.0/armtools/bin/../lib/gcc/arm-atollic-eabi/6.3.1/armv6-m/crtbegin.o
__udivsi3                                         c:/program files (x86)/atollic/truestudio for arm 8.1.0/armtools/bin/../lib/gcc/arm-atollic-eabi/6.3.1/armv6-m\libgcc.a(_udivsi3.o)
_ebss                                             src\startup_stm32f051x8.o
_edata                                            src\startup_stm32f051x8.o
_estack                                           src\startup_stm32f051x8.o
_fini                                             c:/program files (x86)/atollic/truestudio for arm 8.1.0/armtools/bin/../lib/gcc/arm-atollic-eabi/6.3.1/armv6-m/crti.o
_init                                             c:/program files (x86)/atollic/truestudio for arm 8.1.0/armtools/bin/../lib/gcc/arm-atollic-eabi/6.3.1/armv6-m/crti.o
                                                  c:/program files (x86)/atollic/truestudio for arm 8.1.0/armtools/bin/../lib/gcc/arm-atollic-eabi/6.3.1/../../../../arm-atollic-eabi/lib/armv6-m\libc_nano.a(lib_a-init.o)
_sbss                                             src\startup_stm32f051x8.o
_sdata                                            src\startup_stm32f051x8.o
_sidata                                           src\startup_stm32f051x8.o
_write                                            c:/program files (x86)/atollic/truestudio for arm 8.1.0/armtools/bin/../lib/gcc/arm-atollic-eabi/6.3.1/../../../../arm-atollic-eabi/lib/armv6-m\libnosys.a(write.o)
                                                  src\tiny_printf.o
errno                                             c:/program files (x86)/atollic/truestudio for arm 8.1.0/armtools/bin/../lib/gcc/arm-atollic-eabi/6.3.1/../../../../arm-atollic-eabi/lib/armv6-m\libnosys.a(errno.o)
                                                  c:/program files (x86)/atollic/truestudio for arm 8.1.0/armtools/bin/../lib/gcc/arm-atollic-eabi/6.3.1/../../../../arm-atollic-eabi/lib/armv6-m\libnosys.a(write.o)
fiprintf                                          src\tiny_printf.o
fprintf                                           src\tiny_printf.o
fputs                                             src\tiny_printf.o
fwrite                                            src\tiny_printf.o
g_pfnVectors                                      src\startup_stm32f051x8.o
get_button_state                                  src\PB.o
                                                  src\main.o
get_mode                                          src\main.o
i                                                 src\main.o
init_LEDs                                         src\LED.o
                                                  src\main.o
init_push_buttons                                 src\PB.o
                                                  src\main.o
iprintf                                           src\tiny_printf.o
lcd_command                                       src\lcd_stm32f0.o
                                                  src\main.o
lcd_init                                          src\lcd_stm32f0.o
                                                  src\main.o
lcd_string                                        src\lcd_stm32f0.o
                                                  src\main.o
lcd_two_line_write                                src\lcd_stm32f0.o
light_off                                         src\LED.o
                                                  src\main.o
light_on                                          src\LED.o
                                                  src\main.o
light_toggle                                      src\LED.o
main                                              src\main.o
                                                  src\startup_stm32f051x8.o
mode                                              src\main.o
printf                                            src\tiny_printf.o
puts                                              src\tiny_printf.o
siprintf                                          src\tiny_printf.o
sprintf                                           src\tiny_printf.o
strlen                                            c:/program files (x86)/atollic/truestudio for arm 8.1.0/armtools/bin/../lib/gcc/arm-atollic-eabi/6.3.1/../../../../arm-atollic-eabi/lib/armv6-m\libc_nano.a(lib_a-strlen.o)
                                                  src\tiny_printf.o
ts_formatlength                                   src\tiny_printf.o
ts_formatstring                                   src\tiny_printf.o
ts_itoa                                           src\tiny_printf.o
